
> practice@0.0.0 build
> tsc -b && vite build

src/Analysis/bookmove.tsx(1,1): error TS6133: 'React' is declared but its value is never read.
src/App.tsx(115,7): error TS2345: Argument of type 'string | null' is not assignable to parameter of type 'string'.
  Type 'null' is not assignable to type 'string'.
src/App.tsx(202,27): error TS2554: Expected 3 arguments, but got 1.
src/App.tsx(223,13): error TS2322: Type 'Omit<PieceDropHandlerArgs, "piece"> | null' is not assignable to type '{ sourceSquare: string; targetSquare: string; } | null'.
  Type 'Omit<PieceDropHandlerArgs, "piece">' is not assignable to type '{ sourceSquare: string; targetSquare: string; }'.
    Types of property 'targetSquare' are incompatible.
      Type 'string | null' is not assignable to type 'string'.
        Type 'null' is not assignable to type 'string'.
src/MainFunctions/BoardComponents.tsx(2,28): error TS2305: Module '"chess.js"' has no exported member 'PieceRenderObject'.
src/MainFunctions/BoardComponents.tsx(39,58): error TS2538: Type 'symbol' cannot be used as an index type.
src/MainFunctions/MoveHandler.ts(4,17): error TS1294: This syntax is not allowed when 'erasableSyntaxOnly' is enabled.
src/MainFunctions/useChessGame.ts(2,22): error TS6133: 'Square' is declared but its value is never read.
src/MainFunctions/useChessGame.ts(3,37): error TS6196: 'SquareHandlerArgs' is declared but never used.
